// Jest Snapshot v1, https://goo.gl/fbAQLP

exports[`Pruebas en GifItem El objeto de imagen debe coincidir con el snapshot 1`] = `
<div>
  <div
    class="card"
  >
    <img
      alt="Gif de prueba"
      src="https://media1.giphy.com/media/3o7btLwXyvzqgXQq2U/giphy.gif"
    />
  </div>
</div>
`;
